src/screens/games/TimeTravelDebugScreen.tsx(206,48): error TS2322: Type '"caption"' is not assignable to type 'VariantProp<never> | undefined'.
src/screens/games/TimeTravelDebugScreen.tsx(328,32): error TS2339: Property 'playPop' does not exist on type 'SoundManager'.
src/screens/games/TimeTravelDebugScreen.tsx(443,31): error TS2322: Type '"caption"' is not assignable to type 'VariantProp<never> | undefined'.
src/screens/Learn/ClassSelectionScreen.tsx(63,47): error TS2339: Property 'warm' does not exist on type '{ primary: readonly ["#A855F7", "#7E22CE"]; secondary: readonly ["#10B981", "#059669"]; onboarding: readonly ["#F3E8FF", "#E9D5FF", "#FAE8FF"]; login: readonly ["#4C1D95", "#6D28D9", "#8B5CF6"]; surface: readonly ["#FFFFFF", "#FAFAFA"]; premium_bg: readonly [...]; glass_surface: readonly [...]; glass_border: readonl...'.
src/screens/Learn/SubjectSelectionScreen.tsx(70,47): error TS2339: Property 'warm' does not exist on type '{ primary: readonly ["#A855F7", "#7E22CE"]; secondary: readonly ["#10B981", "#059669"]; onboarding: readonly ["#F3E8FF", "#E9D5FF", "#FAE8FF"]; login: readonly ["#4C1D95", "#6D28D9", "#8B5CF6"]; surface: readonly ["#FFFFFF", "#FAFAFA"]; premium_bg: readonly [...]; glass_surface: readonly [...]; glass_border: readonl...'.
src/screens/LoginScreen.tsx(72,42): error TS2554: Expected 2 arguments, but got 3.
src/screens/ModelListScreen.tsx(77,47): error TS2339: Property 'cool' does not exist on type '{ primary: readonly ["#A855F7", "#7E22CE"]; secondary: readonly ["#10B981", "#059669"]; onboarding: readonly ["#F3E8FF", "#E9D5FF", "#FAE8FF"]; login: readonly ["#4C1D95", "#6D28D9", "#8B5CF6"]; surface: readonly ["#FFFFFF", "#FAFAFA"]; premium_bg: readonly [...]; glass_surface: readonly [...]; glass_border: readonl...'.
